[lebronconstruction.com/index.html]
[backblue.gif]
[fade.gif]
[index.html]
[lebronconstruction.com/imageserver/GlobalMedia/Icons/xsocialMediaIcons.png.pagespeed.ic.x_BV1h5EwA.png]
[lebronconstruction.com/css/bootstrap.css+fontawesome.css+animate.css+stylesheet-1722871951.css+Home-1722871951.css.pagespeed.cc.UmTETKVmT7.css]
[lebronconstruction.com/imageserver/UserMedia/lebronroofing/xLebronConstructionLogo2.png.pagespeed.ic.C1e_sPF7Ge.png]
[lebronconstruction.com/Roofing-Services-11-11.html]
[lebronconstruction.com/Remodeling-Services.html]
[lebronconstruction.com/Financing_3.html]
[lebronconstruction.com/Testimonials.html]
[lebronconstruction.com/Online_Coupons.html]
[lebronconstruction.com/Contact-Us.html]
[lebronconstruction.com/imageserver/AdminMedia/sliders/2200/midwesthouse.png]
[lebronconstruction.com/imageserver/AdminMedia/sliders/2200/kitchenremodel.png]
[lebronconstruction.com/imageserver/AdminMedia/sliders/2200/hammer.png]
[lebronconstruction.com/imageserver/AdminMedia/sliders/2200/remodling.png]
[lebronconstruction.com/imageserver/UserMedia/lebron/Hp1.png]
[lebronconstruction.com/imageserver/AdminMedia/GAF/Logos/Certified/Certified2011-200-glow.png]
[lebronconstruction.com/imageserver/AdminMedia/BrandLogos/OwensCorning/owens_corning75.png]
[lebronconstruction.com/imageserver/AdminMedia/BrandLogos/Tamko/TamkoLogo-200.png]
[lebronconstruction.com/imageserver/AdminMedia/BrandLogos/Mastic/MasticLogo.png]
[lebronconstruction.com/imageserver/AdminMedia/BrandLogos/JamesHardie/JamesHardieIcon.png]
[lebronconstruction.com/imageserver/AdminMedia/BrandLogos/Velux/VeluxLogo.jpg]
[lebronconstruction.com/Privacy.html]
[lebronconstruction.com/imageserver/UserMedia/lebronroofing/xVeteranOwned.png.pagespeed.ic.rKdy3cTdqL.png]
[lebronconstruction.com/scripts/js/jquery.min.js.pagespeed.jm.Y8jX7FH_5H.js]
[lebronconstruction.com/scripts/js/jquery.ui.min.js.pagespeed.jm.AQcg_ugJKF.js]
[lebronconstruction.com/js/bootstrap.js.pagespeed.jm.6ojcGkKKdw.js]
[lebronconstruction.com/js/fancybox.js.pagespeed.jm.0VSxZ50NA8.js]
[lebronconstruction.com/index.html]
[lebronconstruction.com/js/javascript-1722871951.js]
[lebronconstruction.com/404.html]
[lebronconstruction.com/fonts/fontawesome-webfont3e6e.eot]
[lebronconstruction.com/fonts/fontawesome-webfontd41d.eot]
[lebronconstruction.com/fonts/fontawesome-webfont3e6e.woff2]
[lebronconstruction.com/fonts/fontawesome-webfont3e6e.woff]
[lebronconstruction.com/fonts/fontawesome-webfont3e6e.ttf]
[lebronconstruction.com/imageserver/default_images/four_lines_40x19.png]
[lebronconstruction.com/imageserver/images/spinner2.gif]
[lebronconstruction.com/imageserver/GlobalMedia/Icons/loading.gif]
[lebronconstruction.com/imageserver/GlobalMedia/Icons/deleteIcon.png]
[lebronconstruction.com/imageserver/GlobalMedia/Icons/checkmark.png]
[lebronconstruction.com/imageserver/GlobalMedia/Icons/socialMediaIcons.png]
[lebronconstruction.com/imageserver/styles/captchaShapesWhite.png]
[lebronconstruction.com/imageserver/Textures/egg-shell.png]
[lebronconstruction.com/imageserver/Textures/white-wall.png]
[lebronconstruction.com/imageserver/Textures/diagBG.png]
[lebronconstruction.com/css/bootstrap.css+fontawesome.css+animate.css+stylesheet-1722871951.css+Home-1722871951.css.pagespeed.cc.UmTETKVmT7.css]
[lebronconstruction.com/css/bootstrap.css+fontawesome.css+animate.css+stylesheet-1722871951.css.pagespeed.cc.PvoMPGMn16.css]
[lebronconstruction.com/NEWGAFB1.html]
[lebronconstruction.com/imageserver/usermedia/dillionsroofing/310x200/GAFNC-310-Icon.jpg]
[lebronconstruction.com/Owens-Corning.html]
[lebronconstruction.com/imageserver/usermedia/dillionsroofing/310x200/OC-RES-310-Icon.jpg]
[lebronconstruction.com/Heritage-Overview-1.html]
[lebronconstruction.com/imageserver/usermedia/dillionsroofing/310x200/TamkoHeritage-310-Icon.jpg]
[lebronconstruction.com/GAF_Commercial_Roofing.html]
[lebronconstruction.com/imageserver/AdminMedia/Icons/310/GAFCOMMERCIAL-310-Icon.jpg]
[lebronconstruction.com/Metal-Roofing.html]
[lebronconstruction.com/imageserver/AdminMedia/Icons/310/MetalRoofing-310-Icon.jpg]
[lebronconstruction.com/imageserver/AdminMedia/Icons/310/Union-310-Icon.jpg]
[lebronconstruction.com/imageserver/AdminMedia/BrandLogos/Mastic/xMasticLogo.png.pagespeed.ic.c1ZUxlkmw4.png]
[lebronconstruction.com/imageserver/AdminMedia/BrandLogos/JamesHardie/75x75xJamesHardieIcon.png.pagespeed.ic.uwFUBU1hTL.png]
[lebronconstruction.com/imageserver/AdminMedia/BrandLogos/Velux/xVeluxLogo.png.pagespeed.ic.IeODjke8eS.jpg]
[lebronconstruction.com/Roofing-Services-11-11.html]
[lebronconstruction.com/imageserver/UserMedia/YWPGALLERY/Remodeling/RemodelingHeader-1200.jpg]
[lebronconstruction.com/css/A.bootstrap.css+fontawesome.css+animate.css+stylesheet-1722871951.css,Mcc.PvoMPGMn16.css.pagespeed.cf.XJQtvYHWPD.css]
[lebronconstruction.com/Kitchen-Remodeling.html]
[lebronconstruction.com/imageserver/customJqueryImages/HoverIconImages/Kitchens.jpg]
[lebronconstruction.com/Bathroom-Remodeling.html]
[lebronconstruction.com/imageserver/customJqueryImages/HoverIconImages/Bathrooms.jpg]
[lebronconstruction.com/Basement-Remodeling.html]
[lebronconstruction.com/imageserver/customJqueryImages/HoverIconImages/Basements.jpg]
[lebronconstruction.com/Room-Renovations.html]
[lebronconstruction.com/imageserver/customJqueryImages/HoverIconImages/Renovations.jpg]
[lebronconstruction.com/Remodeling-Services.html]
[lebronconstruction.com/imageserver/UserMedia/lebron/NOFINANCING2.jpg]
[lebronconstruction.com/imageserver/AdminMedia/GAF/Logos/Certified/Certified2011-200-glow.png.pagespeed.ce.VaQNJQhEuJ.png]
[lebronconstruction.com/imageserver/AdminMedia/BrandLogos/OwensCorning/owens_corning75.png.pagespeed.ce.B7XugNeSUp.png]
[lebronconstruction.com/imageserver/AdminMedia/BrandLogos/Tamko/TamkoLogo-200.png.pagespeed.ce.QgF8cOPtk8.png]
[lebronconstruction.com/Financing_3.html]
[lebronconstruction.com/Testimonials.html]
[lebronconstruction.com/imageserver/UserMedia/lebron/COUPON.jpg]
[lebronconstruction.com/Online_Coupons.html]
[lebronconstruction.com/css/fontawesome.css]
[lebronconstruction.com/css/bootstrap.css]
[lebronconstruction.com/css/animate.css]
[lebronconstruction.com/css/stylesheet-1722871951.css]
[lebronconstruction.com/css/Contact-Us-1722871951.css]
[lebronconstruction.com/imageserver/UserMedia/gafgallery/icons/email_icon.png]
[lebronconstruction.com/imageserver/UserMedia/gafgallery/icons/loc_icon.png]
[lebronconstruction.com/imageserver/UserMedia/gafgallery/icons/phone_icon.png]
[lebronconstruction.com/imageserver/UserMedia/gafgallery/icons/fax_icon.png]
[lebronconstruction.com/imageserver/UserMedia/gafgallery/icons/hours_icon.png]
[lebronconstruction.com/imageserver/UserMedia/lebronroofing/newmap.jpg]
[lebronconstruction.com/Contact-Us.html]
[lebronconstruction.com/css/Privacy.css]
[lebronconstruction.com/Privacy.html]
[lebronconstruction.com/404.html]
[lebronconstruction.com/fonts/fontawesome-webfont3e6e.svg]
[lebronconstruction.com/css/bootstrap.css+fontawesome.css+animate.css+stylesheet-1722871951.css.pagespeed.cc.PvoMPGMn16.css]
[lebronconstruction.com/css/NEWGAFB1.css]
[lebronconstruction.com/imageserver/Textures/ROOFING23.jpg]
[lebronconstruction.com/imageserver/AdminMedia/GAF/Logos/2019/CElogo.png]
[lebronconstruction.com/CST5.html]
[lebronconstruction.com/imageserver/AdminMedia/Paralax_Backgrounds/2000x1000StormDamGradient.jpg]
[lebronconstruction.com/Roofing-Danger.html]
[lebronconstruction.com/imageserver/Textures/gafheadernewb.jpg]
[lebronconstruction.com/SH5.html]
[lebronconstruction.com/imageserver/Textures/vhb.jpg]
[lebronconstruction.com/imageserver/Textures/NoTexture.png]
[lebronconstruction.com/imageserver/AdminMedia/GAF/GAF1.png]
[lebronconstruction.com/imageserver/AdminMedia/GAF/2020/220th_sm_AE4tan09Zf21.png]
[lebronconstruction.com/RS5.html]
[lebronconstruction.com/imageserver/UserMedia/gaf/2019/SystemPlus400.png]
[lebronconstruction.com/imageserver/UserMedia/ywpgallery/GAF/windprovenlogo.png]
[lebronconstruction.com/WRNTY5.html]
[lebronconstruction.com/NEWGAFB1.html]
[lebronconstruction.com/imageserver/UserMedia/ywpgallery/OwensCorning/CERTAINTTED1.jpg]
[lebronconstruction.com/Architectural-Series.html]
[lebronconstruction.com/imageserver/AdminMedia/Icons/310/310x200/Owens/ArchitechturalIcon.jpg]
[lebronconstruction.com/Specialty-Series.html]
[lebronconstruction.com/imageserver/AdminMedia/Icons/310/310x200/Owens/SpecialtyIcon.jpg]
[lebronconstruction.com/Traditional-Series.html]
[lebronconstruction.com/imageserver/AdminMedia/Icons/310/310x200/Owens/TraditionalIcon.jpg]
[lebronconstruction.com/imageserver/AdminMedia/Icons/310/310x200/Owens/DesignEyeIcon.jpg]
[lebronconstruction.com/Videos2-1.html]
[lebronconstruction.com/imageserver/AdminMedia/Icons/310/310x200/Owens/VideoIcon.jpg]
[lebronconstruction.com/Owens-Corning.html]
[lebronconstruction.com/css/Heritage-Overview-1.css]
[use.typekit.net/rfa2hcj.css]
[lebronconstruction.com/imageserver/Reusable/tamko2021/colors-of-nature---harvest-gold.jpg]
[lebronconstruction.com/imageserver/Reusable/tamko2021/TAMKO Building Products LLC (logo) color reverse.png]
[lebronconstruction.com/imageserver/Reusable/tamko2021/heritage-tall1-min.jpg]
[lebronconstruction.com/imageserver/Reusable/tamko2021/heritage-tall3-min.png]
[lebronconstruction.com/imageserver/Reusable/tamko2021/heritage-tall2-min.jpg]
[lebronconstruction.com/imageserver/Reusable/tamko2021/classic-colors.png]
[lebronconstruction.com/imageserver/Reusable/tamko2021/americas-color.png]
[lebronconstruction.com/imageserver/Reusable/tamko2021/heritage-shingle1.jpg]
[lebronconstruction.com/imageserver/Reusable/tamko2021/heritage-logo.png]
[lebronconstruction.com/tamko-heritage3.html]
[lebronconstruction.com/imageserver/Reusable/tamko2021/titan-shingle1-min.jpg]
[lebronconstruction.com/imageserver/Reusable/tamko2021/titan-logo.png]
[lebronconstruction.com/imageserver/Reusable/tamko2021/stormFighter-shingle1-min.jpg]
[lebronconstruction.com/imageserver/Reusable/tamko2021/stormFighter-logo.png]
[lebronconstruction.com/imageserver/Reusable/tamko2021/elite1.jpg]
[lebronconstruction.com/imageserver/Reusable/tamko2021/elite-logo.png]
[lebronconstruction.com/tamko-elite3.html]
[lebronconstruction.com/imageserver/Reusable/tamko2021/vintage-shingle1-min.jpg]
[lebronconstruction.com/imageserver/Reusable/tamko2021/vintage-logo.png]
[lebronconstruction.com/imageserver/Reusable/tamko2021/woodgate-shingle1-min.jpg]
[lebronconstruction.com/imageserver/Reusable/tamko2021/woodgate-logo.png]
[lebronconstruction.com/tamko-woodgate3.html]
[lebronconstruction.com/imageserver/Reusable/tamko2021/stonecrest-tile-shingle-LrgQuaker-min.jpg]
[lebronconstruction.com/imageserver/Reusable/tamko2021/metalworks-logo.png]
[lebronconstruction.com/tamko-tile3.html]
[lebronconstruction.com/imageserver/Reusable/tamko2021/stonecrest-slate-shingle-LrgQuaker-min.jpg]
[lebronconstruction.com/tamko-slate3.html]
[lebronconstruction.com/imageserver/Reusable/tamko2021/astonwood-shingle-lrg-min.jpg]
[lebronconstruction.com/tamko-astonwood3.html]
[lebronconstruction.com/imageserver/AdminMedia/GAF/Logos/Certified/xCertified2011-200-glow.png.pagespeed.ic.2ZOMnUoFc7.png]
[lebronconstruction.com/imageserver/AdminMedia/BrandLogos/OwensCorning/xowens_corning75.png.pagespeed.ic.DUvDo_hjhE.png]
[lebronconstruction.com/imageserver/AdminMedia/BrandLogos/Tamko/125x57xTamkoLogo-200.png.pagespeed.ic.ioPprMptby.png]
[lebronconstruction.com/js/Heritage-Overview-1.js]
[lebronconstruction.com/Heritage-Overview-1.html]
[lebronconstruction.com/css/GAF_Commercial_Roofing.css]
[lebronconstruction.com/imageFolder/SliderImages/980x220/GAFCommercial/header1.jpg]
[lebronconstruction.com/imageFolder/SliderImages/980x220/GAFCommercial/header2.jpg]
[lebronconstruction.com/imageFolder/SliderImages/980x220/GAFCommercial/header3.jpg]
[lebronconstruction.com/imageserver/AdminMedia/Banners/Click5.png]
[lebronconstruction.com/imageserver/UserMedia/ywpgallery/GAF/Commercial/com-vra2.jpg]
[lebronconstruction.com/imageserver/UserMedia/ywpgallery/GAF/Commercial/Low-SlopeGuide.jpg]
[lebronconstruction.com/imageserver/UserMedia/gafgallery/thumbz__roof_repair.jpg]
[lebronconstruction.com/imageserver/UserMedia/gafgallery/thumbz__roof_restoration.jpg]
[lebronconstruction.com/imageserver/UserMedia/gafgallery/thumbz__ivax.jpg]
[lebronconstruction.com/imageserver/UserMedia/gafgallery/thumbz__tarmachine.jpg]
[lebronconstruction.com/imageserver/UserMedia/GAFGallery/LowSlope/ReRoof.jpg]
[lebronconstruction.com/imageserver/UserMedia/GAFGallery/LowSlope/RoofRepair.jpg]
[lebronconstruction.com/imageserver/UserMedia/GAFGallery/LowSlope/RoofRestoration.jpg]
[lebronconstruction.com/imageserver/UserMedia/GAFGallery/LowSlope/RoofMaintanence.jpg]
[lebronconstruction.com/imageserver/UserMedia/GAFGallery/LowSlope/Inspections.jpg]
[lebronconstruction.com/imageserver/UserMedia/gafgallery/Warranties/Commercial/Standard.png]
[lebronconstruction.com/imageserver/UserMedia/gafgallery/Warranties/Commercial/LimitedMaterial.pdf]
[lebronconstruction.com/imageserver/UserMedia/gafgallery/Warranties/Commercial/LimitedMaterial.png]
[lebronconstruction.com/imageserver/UserMedia/gafgallery/Warranties/Commercial/Good.png]
[lebronconstruction.com/imageserver/UserMedia/gafgallery/Warranties/Commercial/WeatherStopper.pdf]
[lebronconstruction.com/imageserver/UserMedia/gafgallery/Warranties/Commercial/WeatherStopper.png]
[lebronconstruction.com/imageserver/UserMedia/gafgallery/Warranties/Commercial/Better.png]
[lebronconstruction.com/imageserver/UserMedia/gafgallery/Warranties/Commercial/SystemPledge.pdf]
[lebronconstruction.com/imageserver/UserMedia/gafgallery/Warranties/Commercial/SystemPledge.png]
[lebronconstruction.com/imageserver/UserMedia/gafgallery/Warranties/Commercial/Best.png]
[lebronconstruction.com/imageserver/UserMedia/gafgallery/Warranties/Commercial/DiamondPledge.pdf]
[lebronconstruction.com/imageserver/UserMedia/gafgallery/Warranties/Commercial/DiamondPledge.png]
[lebronconstruction.com/GAF_Commercial_Roofing.html]
[lebronconstruction.com/css/Metal-Roofing.css]
[lebronconstruction.com/imageserver/UserMedia/ywpgallery/MetalRoofs/metalroofing3.jpg]
[lebronconstruction.com/imageserver/Reusable/Berridge/Colors/Standard/agedbronze.jpg]
[lebronconstruction.com/imageserver/Reusable/Berridge/Colors/Standard/almond.jpg]
[lebronconstruction.com/imageserver/Reusable/Berridge/Colors/Standard/bristolblue.jpg]
[lebronconstruction.com/imageserver/Reusable/Berridge/Colors/Standard/buckskin.jpg]
[lebronconstruction.com/imageserver/Reusable/Berridge/Colors/Standard/burgundy.jpg]
[lebronconstruction.com/imageserver/Reusable/Berridge/Colors/Standard/charcoalgray.jpg]
[lebronconstruction.com/imageserver/Reusable/Berridge/Colors/Standard/cityscape.jpg]
[lebronconstruction.com/imageserver/Reusable/Berridge/Colors/Standard/colonialred.jpg]
[lebronconstruction.com/imageserver/Reusable/Berridge/Colors/Standard/copperbrown.jpg]
[lebronconstruction.com/imageserver/Reusable/Berridge/Colors/Standard/darkbronze.jpg]
[lebronconstruction.com/imageserver/Reusable/Berridge/Colors/Standard/deepred.jpg]
[lebronconstruction.com/imageserver/Reusable/Berridge/Colors/Standard/evergreen.jpg]
[lebronconstruction.com/imageserver/Reusable/Berridge/Colors/Standard/forestgreen.jpg]
[lebronconstruction.com/imageserver/Reusable/Berridge/Colors/Standard/hartfordgreen.jpg]
[lebronconstruction.com/imageserver/Reusable/Berridge/Colors/Standard/hemlockgreen.jpg]
[lebronconstruction.com/imageserver/Reusable/Berridge/Colors/Standard/matteblack.jpg]
[lebronconstruction.com/imageserver/Reusable/Berridge/Colors/Standard/mediumbronze.jpg]
[lebronconstruction.com/imageserver/Reusable/Berridge/Colors/Standard/parchment.jpg]
[lebronconstruction.com/imageserver/Reusable/Berridge/Colors/Standard/patinagreen.jpg]
[lebronconstruction.com/imageserver/Reusable/Berridge/Colors/Standard/royalblue.jpg]
[lebronconstruction.com/imageserver/Reusable/Berridge/Colors/Standard/shastawhite.jpg]
[lebronconstruction.com/imageserver/Reusable/Berridge/Colors/Standard/sierratan.jpg]
[lebronconstruction.com/imageserver/Reusable/Berridge/Colors/Standard/tealgreen.jpg]
[lebronconstruction.com/imageserver/Reusable/Berridge/Colors/Standard/terracotta.jpg]
[lebronconstruction.com/imageserver/Reusable/Berridge/Colors/Standard/zincgray.jpg]
[lebronconstruction.com/imageserver/Reusable/Berridge/Colors/Metallic/antiquecoppercote.jpg]
[lebronconstruction.com/imageserver/Reusable/Berridge/Colors/Metallic/champagne.jpg]
[lebronconstruction.com/imageserver/Reusable/Berridge/Colors/Metallic/coppercote.jpg]
[lebronconstruction.com/imageserver/Reusable/Berridge/Colors/Metallic/leadcote.jpg]
[lebronconstruction.com/imageserver/Reusable/Berridge/Colors/Metallic/preweatheredgalvalume.jpg]
[lebronconstruction.com/imageserver/Reusable/Berridge/Colors/Metallic/zinccote.jpg]
[lebronconstruction.com/imageserver/Reusable/Berridge/Colors/Premium/awardblue.jpg]
[lebronconstruction.com/imageserver/Reusable/Berridge/Colors/Premium/naturalwhite.jpg]
[lebronconstruction.com/imageserver/Reusable/Berridge/Colors/Natural/acryliccoatedgalvalume.jpg]
[lebronconstruction.com/js/Metal-Roofing.js]
[lebronconstruction.com/Metal-Roofing.html]
[lebronconstruction.com/imageserver/default_images/xfour_lines_40x19.png.pagespeed.ic.q6r7pHeOkJ.png]
[lebronconstruction.com/imageserver/images/spinner2.gif.pagespeed.ce.ed7tYwYoa5.gif]
[lebronconstruction.com/imageserver/GlobalMedia/Icons/loading.gif.pagespeed.ce.3IDoOg9TYq.gif]
[lebronconstruction.com/imageserver/GlobalMedia/Icons/xdeleteIcon.png.pagespeed.ic.bGfWQRsewR.png]
[lebronconstruction.com/imageserver/GlobalMedia/Icons/xcheckmark.png.pagespeed.ic.8DXLRpAEIC.png]
[lebronconstruction.com/imageserver/styles/xcaptchaShapesWhite.png.pagespeed.ic.zI5t026kqk.png]
[lebronconstruction.com/imageserver/Textures/xegg-shell.png.pagespeed.ic.xv8vMTxtoe.png]
[lebronconstruction.com/imageserver/Textures/xwhite-wall.png.pagespeed.ic.F97UJHUv32.png]
[lebronconstruction.com/imageserver/Textures/xdiagBG.png.pagespeed.ic.ArqGsMAjaW.png]
[lebronconstruction.com/css/A.bootstrap.css+fontawesome.css+animate.css+stylesheet-1722871951.css,Mcc.PvoMPGMn16.css.pagespeed.cf.XJQtvYHWPD.css]
[lebronconstruction.com/imageserver/UserMedia/YWPGALLERY/Remodeling/KitchenRemodelingHeader.jpg]
[lebronconstruction.com/imageserver/UserMedia/ywpgallery/Remodeling/kitchenremodeling.jpg]
[lebronconstruction.com/imageserver/UserMedia/ywpgallery/Remodeling/Renovations/KR-2.jpg]
[lebronconstruction.com/imageserver/UserMedia/ywpgallery/Remodeling/Renovations/thumbs/KR-2.jpg]
[lebronconstruction.com/imageserver/UserMedia/ywpgallery/Remodeling/Renovations/KR-3.jpg]
[lebronconstruction.com/imageserver/UserMedia/ywpgallery/Remodeling/Renovations/thumbs/KR-3.jpg]
[lebronconstruction.com/imageserver/UserMedia/ywpgallery/Remodeling/Renovations/KR-4.jpg]
[lebronconstruction.com/imageserver/UserMedia/ywpgallery/Remodeling/Renovations/thumbs/KR-4.jpg]
[lebronconstruction.com/imageserver/UserMedia/ywpgallery/Remodeling/Renovations/KR-5.jpg]
[lebronconstruction.com/imageserver/UserMedia/ywpgallery/Remodeling/Renovations/thumbs/KR-5.jpg]
[lebronconstruction.com/imageserver/UserMedia/ywpgallery/Remodeling/Renovations/KR-6.jpg]
[lebronconstruction.com/imageserver/UserMedia/ywpgallery/Remodeling/Renovations/thumbs/KR-6.jpg]
[lebronconstruction.com/imageserver/UserMedia/ywpgallery/Remodeling/Renovations/KR-7.jpg]
[lebronconstruction.com/imageserver/UserMedia/ywpgallery/Remodeling/Renovations/thumbs/KR-7.jpg]
[lebronconstruction.com/Kitchen-Remodeling.html]
[lebronconstruction.com/imageserver/UserMedia/YWPGALLERY/Remodeling/BathroomHeader.jpg]
[lebronconstruction.com/imageserver/UserMedia/ywpgallery/Remodeling/Bathrooms/New/bathroom_design1.jpg]
[lebronconstruction.com/imageserver/UserMedia/ywpgallery/Remodeling/Bathrooms/New/thumbs/bathroom_design1.jpg]
[lebronconstruction.com/imageserver/UserMedia/ywpgallery/Remodeling/Bathrooms/New/Bathtub.jpg]
[lebronconstruction.com/imageserver/UserMedia/ywpgallery/Remodeling/Bathrooms/New/thumbs/Bathtub.jpg]
[lebronconstruction.com/imageserver/UserMedia/ywpgallery/3EASY.jpg]
[lebronconstruction.com/imageserver/UserMedia/ywpgallery/MINIMALIST1.jpg]
[lebronconstruction.com/imageserver/UserMedia/ywpgallery/ROMANTIC1.jpg]
[lebronconstruction.com/imageserver/UserMedia/ywpgallery/COUNTRY1.jpg]
[lebronconstruction.com/imageserver/UserMedia/ywpgallery/Remodeling/Basements/lighting/Lighting1.jpg]
[lebronconstruction.com/imageserver/UserMedia/ywpgallery/Remodeling/Basements/lighting/thumbs/Lighting1.jpg]
[lebronconstruction.com/imageserver/UserMedia/ywpgallery/Remodeling/Basements/lighting/Lighting2.jpg]
[lebronconstruction.com/imageserver/UserMedia/ywpgallery/Remodeling/Basements/lighting/thumbs/Lighting2.jpg]
[lebronconstruction.com/imageserver/UserMedia/ywpgallery/Remodeling/Basements/lighting/Lighting3.jpg]
[lebronconstruction.com/imageserver/UserMedia/ywpgallery/Remodeling/Basements/lighting/thumbs/Lighting3.jpg]
[lebronconstruction.com/imageserver/UserMedia/ywpgallery/Remodeling/Bathrooms/tub1.jpg]
[lebronconstruction.com/imageserver/UserMedia/ywpgallery/Remodeling/Bathrooms/thumbs/tub1.jpg]
[lebronconstruction.com/imageserver/UserMedia/ywpgallery/Remodeling/Bathrooms/shower2.jpg]
[lebronconstruction.com/imageserver/UserMedia/ywpgallery/Remodeling/Bathrooms/thumbs/shower2.jpg]
[lebronconstruction.com/imageserver/UserMedia/ywpgallery/Remodeling/Bathrooms/tub3.jpg]
[lebronconstruction.com/imageserver/UserMedia/ywpgallery/Remodeling/Bathrooms/thumbs/tub3.jpg]
[lebronconstruction.com/imageserver/UserMedia/ywpgallery/Remodeling/Basements/RemodelingGuide/shower1.jpg]
[lebronconstruction.com/imageserver/UserMedia/ywpgallery/Remodeling/Basements/RemodelingGuide/thumbs/shower1.jpg]
[lebronconstruction.com/imageserver/UserMedia/ywpgallery/Remodeling/Basements/RemodelingGuide/shower2.jpg]
[lebronconstruction.com/imageserver/UserMedia/ywpgallery/Remodeling/Basements/RemodelingGuide/thumbs/shower2.jpg]
[lebronconstruction.com/imageserver/UserMedia/ywpgallery/Remodeling/Basements/RemodelingGuide/shower3.jpg]
[lebronconstruction.com/imageserver/UserMedia/ywpgallery/Remodeling/Basements/RemodelingGuide/thumbs/shower3.jpg]
[lebronconstruction.com/imageserver/UserMedia/ywpgallery/Remodeling/Basements/RemodelingGuide/sinks1.jpg]
[lebronconstruction.com/imageserver/UserMedia/ywpgallery/Remodeling/Basements/RemodelingGuide/thumbs/sinks1.jpg]
[lebronconstruction.com/imageserver/UserMedia/ywpgallery/Remodeling/Basements/RemodelingGuide/sinks2.jpg]
[lebronconstruction.com/imageserver/UserMedia/ywpgallery/Remodeling/Basements/RemodelingGuide/thumbs/sinks2.jpg]
[lebronconstruction.com/imageserver/UserMedia/ywpgallery/Remodeling/Basements/RemodelingGuide/sinks3.jpg]
[lebronconstruction.com/imageserver/UserMedia/ywpgallery/Remodeling/Basements/RemodelingGuide/thumbs/sinks3.jpg]
[lebronconstruction.com/imageserver/UserMedia/ywpgallery/Remodeling/Basements/RemodelingGuide/faucets1.jpg]
[lebronconstruction.com/imageserver/UserMedia/ywpgallery/Remodeling/Basements/RemodelingGuide/faucets2.jpg]
[lebronconstruction.com/imageserver/UserMedia/ywpgallery/Remodeling/Basements/RemodelingGuide/faucets3.jpg]
[lebronconstruction.com/Bathroom-Remodeling.html]
[lebronconstruction.com/imageserver/UserMedia/YWPGALLERY/Remodeling/basementheader.jpg]
[lebronconstruction.com/imageserver/AdminMedia/Banners/xClick5.png.pagespeed.ic.MVoLr2Wqf5.png]
[lebronconstruction.com/imageserver/UserMedia/ywpgallery/Remodeling/Basements/NewGallery/basement_BR1.jpg]
[lebronconstruction.com/imageserver/UserMedia/ywpgallery/Remodeling/Basements/NewGallery/thumbs/basement_BR1.jpg]
[lebronconstruction.com/imageserver/UserMedia/ywpgallery/Remodeling/Basements/NewGallery/basement_BR2.jpg]
[lebronconstruction.com/imageserver/UserMedia/ywpgallery/Remodeling/Basements/NewGallery/thumbs/basement_BR2.jpg]
[lebronconstruction.com/imageserver/UserMedia/ywpgallery/Remodeling/Basements/NewGallery/basement_BR3.jpg]
[lebronconstruction.com/imageserver/UserMedia/ywpgallery/Remodeling/Basements/NewGallery/thumbs/basement_BR3.jpg]
[lebronconstruction.com/imageserver/UserMedia/ywpgallery/Remodeling/Basements/NewGallery/basement_BR4.jpg]
[lebronconstruction.com/imageserver/UserMedia/ywpgallery/Remodeling/Basements/NewGallery/thumbs/basement_BR4.jpg]
[lebronconstruction.com/imageserver/UserMedia/ywpgallery/Remodeling/Basements/NewGallery/basement_BR5.jpg]
[lebronconstruction.com/imageserver/UserMedia/ywpgallery/Remodeling/Basements/NewGallery/thumbs/basement_BR5.jpg]
[lebronconstruction.com/imageserver/UserMedia/ywpgallery/Remodeling/Basements/NewGallery/basement_BR6.jpg]
[lebronconstruction.com/imageserver/UserMedia/ywpgallery/Remodeling/Basements/NewGallery/thumbs/basement_BR6.jpg]
[lebronconstruction.com/imageserver/UserMedia/ywpgallery/Remodeling/Bathrooms/New/Bath_BSMT1.jpg]
[lebronconstruction.com/imageserver/UserMedia/ywpgallery/Remodeling/Bathrooms/New/thumbs/Bath_BSMT1.jpg]
[lebronconstruction.com/imageserver/UserMedia/ywpgallery/Remodeling/Bathrooms/New/Bath_BSMT2.jpg]
[lebronconstruction.com/imageserver/UserMedia/ywpgallery/Remodeling/Bathrooms/New/thumbs/Bath_BSMT2.jpg]
[lebronconstruction.com/imageserver/UserMedia/ywpgallery/Remodeling/Bathrooms/New/Bath_BSMT3.jpg]
[lebronconstruction.com/imageserver/UserMedia/ywpgallery/Remodeling/Bathrooms/New/thumbs/Bath_BSMT3.jpg]
[lebronconstruction.com/imageserver/UserMedia/ywpgallery/Remodeling/Bathrooms/New/Bath_BSMT4.jpg]
[lebronconstruction.com/imageserver/UserMedia/ywpgallery/Remodeling/Bathrooms/New/thumbs/Bath_BSMT4.jpg]
[lebronconstruction.com/imageserver/UserMedia/ywpgallery/Remodeling/Bathrooms/New/Bath_BSMT5.jpg]
[lebronconstruction.com/imageserver/UserMedia/ywpgallery/Remodeling/Bathrooms/New/thumbs/Bath_BSMT5.jpg]
[lebronconstruction.com/imageserver/UserMedia/ywpgallery/Remodeling/Bathrooms/New/Bath_BSMT6.jpg]
[lebronconstruction.com/imageserver/UserMedia/ywpgallery/Remodeling/Bathrooms/New/thumbs/Bath_BSMT6.jpg]
[lebronconstruction.com/imageserver/UserMedia/ywpgallery/Remodeling/Basements/NewGallery/Bars/bar1.jpg]
[lebronconstruction.com/imageserver/UserMedia/ywpgallery/Remodeling/Basements/NewGallery/Bars/thumbs/bar1.jpg]
[lebronconstruction.com/imageserver/UserMedia/ywpgallery/Remodeling/Basements/NewGallery/Bars/bar2.jpg]
[lebronconstruction.com/imageserver/UserMedia/ywpgallery/Remodeling/Basements/NewGallery/Bars/thumbs/bar2.jpg]
[lebronconstruction.com/imageserver/UserMedia/ywpgallery/Remodeling/Basements/NewGallery/Bars/bar3.jpg]
[lebronconstruction.com/imageserver/UserMedia/ywpgallery/Remodeling/Basements/NewGallery/Bars/thumbs/bar3.jpg]
[lebronconstruction.com/imageserver/UserMedia/ywpgallery/Remodeling/Basements/NewGallery/Bars/bar4.jpg]
[lebronconstruction.com/imageserver/UserMedia/ywpgallery/Remodeling/Basements/NewGallery/Bars/thumbs/bar4.jpg]
[lebronconstruction.com/imageserver/UserMedia/ywpgallery/Remodeling/Basements/NewGallery/Bars/bar6.jpg]
[lebronconstruction.com/imageserver/UserMedia/ywpgallery/Remodeling/Basements/NewGallery/Bars/thumbs/bar6.jpg]
[lebronconstruction.com/imageserver/UserMedia/ywpgallery/Remodeling/Basements/NewGallery/gym/gym1.jpg]
[lebronconstruction.com/imageserver/UserMedia/ywpgallery/Remodeling/Basements/NewGallery/gym/thumbs/gym1.jpg]
[lebronconstruction.com/imageserver/UserMedia/ywpgallery/Remodeling/Basements/NewGallery/gym/gym3.jpg]
[lebronconstruction.com/imageserver/UserMedia/ywpgallery/Remodeling/Basements/NewGallery/gym/thumbs/gym3.jpg]
[lebronconstruction.com/imageserver/UserMedia/ywpgallery/Remodeling/Basements/NewGallery/gym/gym5.jpg]
[lebronconstruction.com/imageserver/UserMedia/ywpgallery/Remodeling/Basements/NewGallery/gym/thumbs/gym5.jpg]
[lebronconstruction.com/imageserver/UserMedia/ywpgallery/Remodeling/Basements/NewGallery/gym/gym6.jpg]
[lebronconstruction.com/imageserver/UserMedia/ywpgallery/Remodeling/Basements/NewGallery/gym/thumbs/gym6.jpg]
[lebronconstruction.com/imageserver/UserMedia/ywpgallery/Remodeling/Basements/NewGallery/gym/exerciseroom.bmp]
[lebronconstruction.com/imageserver/UserMedia/ywpgallery/Remodeling/Basements/NewGallery/gym/thumbs/exerciseroom.bmp]
[lebronconstruction.com/imageserver/UserMedia/ywpgallery/Remodeling/Basements/NewGallery/gym/exerciseroom2.bmp]
[lebronconstruction.com/imageserver/UserMedia/ywpgallery/Remodeling/Basements/NewGallery/gym/thumbs/exerciseroom2.bmp]
[lebronconstruction.com/imageserver/UserMedia/ywpgallery/Remodeling/Basements/NewGallery/Storage/storage6.jpg]
[lebronconstruction.com/imageserver/UserMedia/ywpgallery/Remodeling/Basements/NewGallery/Storage/thumbs/storage6.jpg]
[lebronconstruction.com/imageserver/UserMedia/ywpgallery/Remodeling/Basements/NewGallery/Storage/storage3.jpg]
[lebronconstruction.com/imageserver/UserMedia/ywpgallery/Remodeling/Basements/NewGallery/Storage/thumbs/storage3.jpg]
[lebronconstruction.com/imageserver/UserMedia/ywpgallery/Remodeling/Basements/NewGallery/Storage/storage5.jpg]
[lebronconstruction.com/imageserver/UserMedia/ywpgallery/Remodeling/Basements/NewGallery/Storage/thumbs/storage5.jpg]
[lebronconstruction.com/Basement-Remodeling.html]
[lebronconstruction.com/imageserver/UserMedia/YWPGALLERY/Remodeling/rennovationsheader.jpg]
[lebronconstruction.com/imageserver/UserMedia/ywpgallery/Renovationspics/Before1.jpg]
[lebronconstruction.com/imageserver/UserMedia/ywpgallery/Renovationspics/thumbs/Before1.jpg]
[lebronconstruction.com/imageserver/UserMedia/ywpgallery/Renovationspics/During1.jpg]
[lebronconstruction.com/imageserver/UserMedia/ywpgallery/Renovationspics/thumbs/During1.jpg]
[lebronconstruction.com/imageserver/UserMedia/ywpgallery/Renovationspics/During2.jpg]
[lebronconstruction.com/imageserver/UserMedia/ywpgallery/Renovationspics/thumbs/During2.jpg]
[lebronconstruction.com/imageserver/UserMedia/ywpgallery/Renovationspics/During3.jpg]
[lebronconstruction.com/imageserver/UserMedia/ywpgallery/Renovationspics/thumbs/During3.jpg]
[lebronconstruction.com/imageserver/UserMedia/ywpgallery/Renovationspics/During4.jpg]
[lebronconstruction.com/imageserver/UserMedia/ywpgallery/Renovationspics/thumbs/During4.jpg]
[lebronconstruction.com/imageserver/UserMedia/ywpgallery/Renovationspics/During5.jpg]
[lebronconstruction.com/imageserver/UserMedia/ywpgallery/Renovationspics/thumbs/During5.jpg]
[lebronconstruction.com/imageserver/UserMedia/ywpgallery/Renovationspics/During6.jpg]
[lebronconstruction.com/imageserver/UserMedia/ywpgallery/Renovationspics/thumbs/During6.jpg]
[lebronconstruction.com/imageserver/UserMedia/ywpgallery/Renovationspics/During7.jpg]
[lebronconstruction.com/imageserver/UserMedia/ywpgallery/Renovationspics/thumbs/During7.jpg]
[lebronconstruction.com/imageserver/UserMedia/ywpgallery/Renovationspics/During8.jpg]
[lebronconstruction.com/imageserver/UserMedia/ywpgallery/Renovationspics/thumbs/During8.jpg]
[lebronconstruction.com/imageserver/UserMedia/ywpgallery/Renovationspics/During9.jpg]
[lebronconstruction.com/imageserver/UserMedia/ywpgallery/Renovationspics/thumbs/During9.jpg]
[lebronconstruction.com/Room-Renovations.html]
[lebronconstruction.com/css/bootstrap.css]
[lebronconstruction.com/css/fontawesome.css]
[lebronconstruction.com/css/animate.css]
[lebronconstruction.com/css/stylesheet-1722871951.css]
[lebronconstruction.com/css/Contact-Us-1722871951.css]
[lebronconstruction.com/css/Privacy.css]
[lebronconstruction.com/css/NEWGAFB1.css]
[lebronconstruction.com/imageserver/Textures/MESlide-1.jpg]
[lebronconstruction.com/imageserver/AdminMedia/GAF/2017/RoofSystem.png]
[lebronconstruction.com/imageserver/AdminMedia/GAF/2017/ViewShingles.png]
[lebronconstruction.com/imageserver/UserMedia/gaf/2019/WarrantyIcon2.png]
[lebronconstruction.com/CST5.html]
[lebronconstruction.com/imageserver/UserMedia/ywpgallery/GAF/2018/roofingdanger.jpg]
[lebronconstruction.com/imageserver/UserMedia/ywpgallery/GAF/2018/leak1.jpg]
[lebronconstruction.com/imageserver/UserMedia/ywpgallery/GAF/2018/blistering1.jpg]
[lebronconstruction.com/imageserver/UserMedia/ywpgallery/GAF/2018/stains.jpg]
[lebronconstruction.com/imageserver/UserMedia/ywpgallery/GAF/2018/decay1.jpg]
[lebronconstruction.com/imageserver/UserMedia/ywpgallery/GAF/2018/cracked.jpg]
[lebronconstruction.com/imageserver/UserMedia/ywpgallery/GAF/2018/dirty.jpg]
[lebronconstruction.com/imageserver/UserMedia/ywpgallery/GAF/2018/excessive.jpg]
[lebronconstruction.com/Roofing-Danger.html]
[lebronconstruction.com/imageserver/Textures/xMESlide-1.jpg.pagespeed.ic.iCpjdxfYAa.jpg]
[lebronconstruction.com/imageserver/UserMedia/gaf/2019/CertifiedIcon2.png]
[lebronconstruction.com/imageserver/AdminMedia/GAF/2017/xRoofSystem.png.pagespeed.ic.-a4D8JBjBo.png]
[lebronconstruction.com/imageserver/UserMedia/gaf/2019/xWarrantyIcon2.png.pagespeed.ic.HE934jDkPa.png]
[lebronconstruction.com/imageserver/UserMedia/gaf/2019/3tab1.jpg]
[lebronconstruction.com/imageserver/UserMedia/gaf/2019/TimberlineHD1.jpg]
[lebronconstruction.com/imageserver/UserMedia/gaf/2019/Designer1.jpg]
[lebronconstruction.com/SH5.html]
[lebronconstruction.com/imageserver/UserMedia/gaf/2019/xCertifiedIcon2.png.pagespeed.ic.zX6QN7Rp2F.png]
[lebronconstruction.com/imageserver/AdminMedia/GAF/2017/xViewShingles.png.pagespeed.ic.adOrGyChqX.png]
[lebronconstruction.com/imageserver/AdminMedia/NewImages/Headers/1600x500/GAF-Roofing-glnwd.jpg]
[lebronconstruction.com/imageserver/UserMedia/ywpgallery/GAF/2018/HDR-System-C.png]
[lebronconstruction.com/imageserver/UserMedia/ywpgallery/GAF/2018/1-shinglesb.png]
[lebronconstruction.com/imageserver/UserMedia/ywpgallery/GAF/2018/5-roof_ventsC.png]
[lebronconstruction.com/imageserver/UserMedia/ywpgallery/GAF/2018/2-roof_deckD.png]
[lebronconstruction.com/imageserver/UserMedia/ywpgallery/GAF/2018/4-starter_stripb.png]
[lebronconstruction.com/imageserver/UserMedia/ywpgallery/GAF/2018/5-leak_barriersb-1.png]
[lebronconstruction.com/imageserver/UserMedia/ywpgallery/GAF/2018/6-ridge_capc.png]
[lebronconstruction.com/RS5.html]
[lebronconstruction.com/css/WRNTY5.css]
[lebronconstruction.com/imageserver/AdminMedia/GAF/2020/WarrantyIcons/Shingle and Accessory Limited Warranty.png]
[lebronconstruction.com/imageserver/AdminMedia/GAF/2020/WarrantyIcons/Roofing System Limited Warranty.png]
[lebronconstruction.com/imageserver/AdminMedia/GAF/2020/WarrantyIcons/System Plus.png]
[lebronconstruction.com/WRNTY5.html]
[lebronconstruction.com/imageFolder/SliderImages/980x220/OwensCorning/Owens-TraditionalHD-2015.jpg]
[lebronconstruction.com/imageserver/UserMedia/ywpgallery/OwensCorning2/Architectural/DurationDesigner/main.jpg]
[lebronconstruction.com/imageserver/UserMedia/ywpgallery/OwensCorning2/Architectural/DurationDesigner/thumbs/main.jpg]
[lebronconstruction.com/Duration-1.html]
[lebronconstruction.com/imageserver/UserMedia/ywpgallery/OwensCorning2/Architectural/DurationDesigner/thumbs/1.jpg]
[lebronconstruction.com/imageserver/UserMedia/ywpgallery/OwensCorning2/Architectural/DurationDesigner/thumbs/2.jpg]
[lebronconstruction.com/imageserver/UserMedia/ywpgallery/OwensCorning2/Architectural/DurationDesigner/thumbs/3.jpg]
[lebronconstruction.com/imageserver/UserMedia/ywpgallery/OwensCorning2/Architectural/DurationDesigner/thumbs/4.jpg]
[lebronconstruction.com/imageserver/UserMedia/ywpgallery/OwensCorning2/Architectural/DurationDesigner/thumbs/5.jpg]
[lebronconstruction.com/imageserver/UserMedia/ywpgallery/OwensCorning2/Architectural/DurationDesigner/thumbs/6.jpg]
[lebronconstruction.com/imageserver/UserMedia/ywpgallery/OwensCorning2/Architectural/DurationDesigner/thumbs/7.jpg]
[lebronconstruction.com/imageserver/UserMedia/ywpgallery/OwensCorning2/Architectural/TruDefDuration/Main.jpg]
[lebronconstruction.com/imageserver/UserMedia/ywpgallery/OwensCorning2/Architectural/TruDefDuration/thumbs/Main.jpg]
[lebronconstruction.com/imageserver/UserMedia/ywpgallery/OwensCorning2/Architectural/TruDefDuration/thumbs/1.jpg]
[lebronconstruction.com/imageserver/UserMedia/ywpgallery/OwensCorning2/Architectural/TruDefDuration/thumbs/2.jpg]
[lebronconstruction.com/imageserver/UserMedia/ywpgallery/OwensCorning2/Architectural/TruDefDuration/thumbs/3.jpg]
[lebronconstruction.com/imageserver/UserMedia/ywpgallery/OwensCorning2/Architectural/TruDefDuration/thumbs/4.jpg]
[lebronconstruction.com/imageserver/UserMedia/ywpgallery/OwensCorning2/Architectural/TruDefDuration/thumbs/5.jpg]
[lebronconstruction.com/imageserver/UserMedia/ywpgallery/OwensCorning2/Architectural/TruDefDuration/thumbs/6.jpg]
[lebronconstruction.com/imageserver/UserMedia/ywpgallery/OwensCorning2/Architectural/TruDefDuration/thumbs/7.jpg]
[lebronconstruction.com/imageserver/UserMedia/ywpgallery/OwensCorning2/Architectural/TruDefDuration/thumbs/8.jpg]
[lebronconstruction.com/imageserver/UserMedia/ywpgallery/OwensCorning2/Architectural/TruDefDuration/thumbs/9.jpg]
[lebronconstruction.com/imageserver/UserMedia/ywpgallery/OwensCorning2/Architectural/TruDefDuration/thumbs/10.jpg]
[lebronconstruction.com/imageserver/UserMedia/ywpgallery/OwensCorning2/Architectural/TruDefDuration/thumbs/11.jpg]
[lebronconstruction.com/imageserver/UserMedia/ywpgallery/OwensCorning2/Architectural/TruDefDuration/thumbs/12.jpg]
[lebronconstruction.com/imageserver/UserMedia/ywpgallery/OwensCorning2/Architectural/TruDefDuration/thumbs/13.jpg]
[lebronconstruction.com/imageserver/Reusable/Owens Corning/artisancolors.jpg]
[lebronconstruction.com/Oakridge-1.html]
[lebronconstruction.com/imageserver/UserMedia/ywpgallery/OwensCorning2/Architectural/Oakridge/thumbs/main.jpg]
[lebronconstruction.com/imageserver/UserMedia/ywpgallery/OwensCorning2/Architectural/Oakridge/thumbs/1.jpg]
[lebronconstruction.com/imageserver/UserMedia/ywpgallery/OwensCorning2/Architectural/Oakridge/thumbs/2.jpg]
[lebronconstruction.com/imageserver/UserMedia/ywpgallery/OwensCorning2/Architectural/Oakridge/thumbs/3.jpg]
[lebronconstruction.com/imageserver/UserMedia/ywpgallery/OwensCorning2/Architectural/Oakridge/thumbs/4.jpg]
[lebronconstruction.com/imageserver/UserMedia/ywpgallery/OwensCorning2/Architectural/Oakridge/thumbs/5.jpg]
[lebronconstruction.com/imageserver/UserMedia/ywpgallery/OwensCorning2/Architectural/Oakridge/thumbs/6.jpg]
[lebronconstruction.com/imageserver/UserMedia/ywpgallery/OwensCorning2/Architectural/Oakridge/thumbs/7.jpg]
[lebronconstruction.com/imageserver/UserMedia/ywpgallery/OwensCorning2/Architectural/Oakridge/thumbs/8.jpg]
[lebronconstruction.com/imageserver/UserMedia/ywpgallery/OwensCorning2/Architectural/Oakridge/thumbs/9.jpg]
[lebronconstruction.com/imageserver/UserMedia/ywpgallery/OwensCorning2/Architectural/Oakridge/thumbs/10.jpg]
[lebronconstruction.com/imageserver/UserMedia/ywpgallery/OwensCorning2/Architectural/Oakridge/thumbs/11.jpg]
[lebronconstruction.com/imageserver/UserMedia/ywpgallery/OwensCorning2/Architectural/Oakridge/thumbs/12.jpg]
[lebronconstruction.com/imageserver/UserMedia/ywpgallery/OwensCorning2/Architectural/Oakridge/thumbs/13.jpg]
[lebronconstruction.com/imageserver/UserMedia/ywpgallery/OwensCorning2/Architectural/Oakridge/thumbs/14.jpg]
[lebronconstruction.com/Architectural-Series.html]
[lebronconstruction.com/imageFolder/SliderImages/980x220/OwensCorning/Owens-SpecialtyHD-2015.jpg]
[lebronconstruction.com/imageserver/UserMedia/ywpgallery/OwensCorning2/TruDefDuration/Main.jpg]
[lebronconstruction.com/imageserver/UserMedia/ywpgallery/OwensCorning2/TruDefDuration/thumbs/Main.jpg]
[lebronconstruction.com/TruDefinition-1.html]
[lebronconstruction.com/imageserver/UserMedia/ywpgallery/OwensCorning2/TruDefDuration/thumbs/1.jpg]
[lebronconstruction.com/imageserver/UserMedia/ywpgallery/OwensCorning2/TruDefDuration/thumbs/2.jpg]
[lebronconstruction.com/imageserver/UserMedia/ywpgallery/OwensCorning2/TruDefDuration/thumbs/3.jpg]
[lebronconstruction.com/imageserver/UserMedia/ywpgallery/OwensCorning2/TruDefDuration/thumbs/4.jpg]
[lebronconstruction.com/imageserver/UserMedia/ywpgallery/OwensCorning2/TruDefDuration/thumbs/5.jpg]
[lebronconstruction.com/imageserver/UserMedia/ywpgallery/OwensCorning2/TruDefDuration/thumbs/6.jpg]
[lebronconstruction.com/imageserver/UserMedia/ywpgallery/OwensCorning2/TruDefDuration/thumbs/7.jpg]
[lebronconstruction.com/imageserver/UserMedia/ywpgallery/OwensCorning2/Woodmoor/main.jpg]
[lebronconstruction.com/imageserver/UserMedia/ywpgallery/OwensCorning2/Woodmoor/thumbs/main.jpg]
[lebronconstruction.com/imageserver/UserMedia/ywpgallery/OwensCorning2/Woodmoor/thumbs/1.jpg]
[lebronconstruction.com/imageserver/UserMedia/ywpgallery/OwensCorning2/Woodmoor/thumbs/2.jpg]
[lebronconstruction.com/imageserver/UserMedia/ywpgallery/OwensCorning2/Woodmoor/thumbs/3.jpg]
[lebronconstruction.com/imageserver/UserMedia/ywpgallery/OwensCorning2/Woodmoor/thumbs/4.jpg]
[lebronconstruction.com/imageserver/UserMedia/ywpgallery/OwensCorning2/Woodmoor/thumbs/5.jpg]
[lebronconstruction.com/imageserver/UserMedia/ywpgallery/OwensCorning2/Woodmoor/thumbs/6.jpg]
[lebronconstruction.com/imageserver/UserMedia/ywpgallery/OwensCorning2/Woodmoor/thumbs/7.jpg]
[lebronconstruction.com/imageserver/UserMedia/ywpgallery/OwensCorning2/Woodmoor/thumbs/8.jpg]
[lebronconstruction.com/imageserver/Reusable/Owens Corning/woodcrest-min.jpg]
[lebronconstruction.com/imageserver/UserMedia/ywpgallery/OwensCorning2/Woodcrest/thumbs/main.jpg]
[lebronconstruction.com/imageserver/UserMedia/ywpgallery/OwensCorning2/Woodcrest/thumbs/1.jpg]
[lebronconstruction.com/imageserver/UserMedia/ywpgallery/OwensCorning2/Woodcrest/thumbs/2.jpg]
[lebronconstruction.com/imageserver/UserMedia/ywpgallery/OwensCorning2/Woodcrest/thumbs/3.jpg]
[lebronconstruction.com/imageserver/UserMedia/ywpgallery/OwensCorning2/Woodcrest/thumbs/4.jpg]
[lebronconstruction.com/imageserver/UserMedia/ywpgallery/OwensCorning2/Woodcrest/thumbs/5.jpg]
[lebronconstruction.com/imageserver/UserMedia/ywpgallery/OwensCorning2/Woodcrest/thumbs/6.jpg]
[lebronconstruction.com/imageserver/UserMedia/ywpgallery/OwensCorning2/Woodcrest/thumbs/7.jpg]
[lebronconstruction.com/imageserver/UserMedia/ywpgallery/OwensCorning2/Woodcrest/thumbs/8.jpg]
[lebronconstruction.com/imageserver/Reusable/Owens Corning/berkshire-min.jpg]
[lebronconstruction.com/Bershire-1.html]
[lebronconstruction.com/imageserver/UserMedia/ywpgallery/OwensCorning2/Berkshire/thumbs/main.jpg]
[lebronconstruction.com/imageserver/UserMedia/ywpgallery/OwensCorning2/Berkshire/thumbs/1.jpg]
[lebronconstruction.com/imageserver/UserMedia/ywpgallery/OwensCorning2/Berkshire/thumbs/2.jpg]
[lebronconstruction.com/imageserver/UserMedia/ywpgallery/OwensCorning2/Berkshire/thumbs/3.jpg]
[lebronconstruction.com/imageserver/UserMedia/ywpgallery/OwensCorning2/Berkshire/thumbs/4.jpg]
[lebronconstruction.com/imageserver/UserMedia/ywpgallery/OwensCorning2/Berkshire/thumbs/5.jpg]
[lebronconstruction.com/imageserver/Reusable/Owens Corning/durationpremiumcool2-min.jpg]
[lebronconstruction.com/imageserver/UserMedia/ywpgallery/OwensCorning2/Duration/thumbs/main.jpg]
[lebronconstruction.com/imageserver/UserMedia/ywpgallery/OwensCorning2/Duration/thumbs/1.jpg]
[lebronconstruction.com/imageserver/UserMedia/ywpgallery/OwensCorning2/Duration/thumbs/2.jpg]
[lebronconstruction.com/imageserver/UserMedia/ywpgallery/OwensCorning2/Duration/thumbs/3.jpg]
[lebronconstruction.com/imageserver/UserMedia/ywpgallery/OwensCorning2/Duration/thumbs/4.jpg]
[lebronconstruction.com/imageserver/UserMedia/ywpgallery/OwensCorning2/DurationCool/thumbs/main.jpg]
[lebronconstruction.com/imageserver/UserMedia/ywpgallery/OwensCorning2/DurationCool/thumbs/1.jpg]
[lebronconstruction.com/imageserver/UserMedia/ywpgallery/OwensCorning2/DurationCool/thumbs/2.jpg]
[lebronconstruction.com/imageserver/UserMedia/ywpgallery/OwensCorning2/DurationCool/thumbs/3.jpg]
[lebronconstruction.com/imageserver/UserMedia/ywpgallery/OwensCorning2/DurationCool/thumbs/4.jpg]
[lebronconstruction.com/imageserver/UserMedia/ywpgallery/OwensCorning2/DurationCool/thumbs/5.jpg]
[lebronconstruction.com/imageserver/UserMedia/ywpgallery/OwensCorning2/DurationCool/thumbs/6.jpg]
[lebronconstruction.com/imageserver/UserMedia/ywpgallery/OwensCorning2/DurationCool/thumbs/7.jpg]
[lebronconstruction.com/imageserver/UserMedia/ywpgallery/OwensCorning2/DurationCool/thumbs/8.jpg]
[lebronconstruction.com/imageserver/UserMedia/ywpgallery/OwensCorning2/DurationCool/thumbs/9.jpg]
[lebronconstruction.com/imageserver/UserMedia/ywpgallery/OwensCorning2/DurationCool/thumbs/10.jpg]
[lebronconstruction.com/Specialty-Series.html]
[lebronconstruction.com/imageserver/UserMedia/ywpgallery/OwensCorning2/Traditional/Supreme/main.jpg]
[lebronconstruction.com/Supreme-1.html]
[lebronconstruction.com/imageserver/UserMedia/ywpgallery/OwensCorning2/Traditional/Supreme/thumbs/main.jpg]
[lebronconstruction.com/imageserver/UserMedia/ywpgallery/OwensCorning2/Traditional/Supreme/thumbs/1.jpg]
[lebronconstruction.com/imageserver/UserMedia/ywpgallery/OwensCorning2/Traditional/Supreme/thumbs/2.jpg]
[lebronconstruction.com/imageserver/UserMedia/ywpgallery/OwensCorning2/Traditional/Supreme/thumbs/3.jpg]
[lebronconstruction.com/imageserver/UserMedia/ywpgallery/OwensCorning2/Traditional/Supreme/thumbs/4.jpg]
[lebronconstruction.com/imageserver/UserMedia/ywpgallery/OwensCorning2/Traditional/Supreme/thumbs/5.jpg]
[lebronconstruction.com/imageserver/UserMedia/ywpgallery/OwensCorning2/Traditional/Supreme/thumbs/6.jpg]
[lebronconstruction.com/imageserver/UserMedia/ywpgallery/OwensCorning2/Traditional/Supreme/thumbs/7.jpg]
[lebronconstruction.com/imageserver/UserMedia/ywpgallery/OwensCorning2/Traditional/Supreme/thumbs/8.jpg]
[lebronconstruction.com/imageserver/UserMedia/ywpgallery/OwensCorning2/Traditional/Supreme/thumbs/9.jpg]
[lebronconstruction.com/Traditional-Series.html]
[lebronconstruction.com/Videos2-1.html]
[lebronconstruction.com/thumbs/index.html]
[lebronconstruction.com/imageserver/Reusable/tamko2021/heading-bg.png]
[lebronconstruction.com/imageserver/Reusable/tamko2021/flag-cropped.png]
[lebronconstruction.com/css/Heritage-Overview-1.css]
[use.typekit.net/af/d63a81/000000000000000077359e7c/30/l6651]
[use.typekit.net/af/d63a81/000000000000000077359e7c/30/d6651]
[use.typekit.net/af/d63a81/000000000000000077359e7c/30/a6651]
[use.typekit.net/af/19dbce/000000000000000077359e80/30/le196]
[use.typekit.net/af/19dbce/000000000000000077359e80/30/de196]
[use.typekit.net/af/19dbce/000000000000000077359e80/30/ae196]
[use.typekit.net/af/a01047/000000000000000077359e7d/30/le196]
[use.typekit.net/af/a01047/000000000000000077359e7d/30/de196]
[use.typekit.net/af/a01047/000000000000000077359e7d/30/ae196]
[use.typekit.net/af/ec6e32/000000000000000000012e23/27/le196]
[use.typekit.net/af/ec6e32/000000000000000000012e23/27/de196]
[use.typekit.net/af/ec6e32/000000000000000000012e23/27/ae196]
[use.typekit.net/af/90a23d/000000000000000000012e21/27/l49af]
[use.typekit.net/af/90a23d/000000000000000000012e21/27/d49af]
[use.typekit.net/af/90a23d/000000000000000000012e21/27/a49af]
[use.typekit.net/af/5722e1/000000000000000077359e7e/30/le196]
[use.typekit.net/af/5722e1/000000000000000077359e7e/30/de196]
[use.typekit.net/af/5722e1/000000000000000077359e7e/30/ae196]
[use.typekit.net/af/4d0a34/00000000000000007735c96a/30/l49af]
[use.typekit.net/af/4d0a34/00000000000000007735c96a/30/d49af]
[use.typekit.net/af/4d0a34/00000000000000007735c96a/30/a49af]
[use.typekit.net/af/94fa7a/00000000000000007735c978/30/le196]
[use.typekit.net/af/94fa7a/00000000000000007735c978/30/de196]
[use.typekit.net/af/94fa7a/00000000000000007735c978/30/ae196]
[use.typekit.net/af/1cc9b2/00000000000000007735c982/30/l652f]
[use.typekit.net/af/1cc9b2/00000000000000007735c982/30/d652f]
[use.typekit.net/rfa2hcj.css]
[use.typekit.net/af/1cc9b2/00000000000000007735c982/30/a652f]
[lebronconstruction.com/css/tamko-heritage3.css]
[lebronconstruction.com/imageserver/Reusable/tamko2021/heritage-oe-pewter-house-min.jpg]
[lebronconstruction.com/imageserver/Reusable/tamko2021/heritage-logo-color.png]
[lebronconstruction.com/imageserver/Reusable/tamko2021/woodgate-sq1-min.jpg]
[lebronconstruction.com/imageserver/Reusable/tamko2021/tamko-asphalt-warranty.pdf]
[lebronconstruction.com/imageserver/Reusable/tamko2021/warranty.png]
[lebronconstruction.com/imageserver/Reusable/tamko2021/heritage-brochure-cover.png]
[lebronconstruction.com/imageserver/Reusable/tamko2021/heritage-ab-shingle-min.jpg]
[lebronconstruction.com/imageserver/Reusable/tamko2021/heritage-autumn-brown-house-min.jpg]
[lebronconstruction.com/imageserver/Reusable/tamko2021/heritage-bw-shingle-min.jpg]
[lebronconstruction.com/imageserver/Reusable/tamko2021/heritage-black-walnut-house-min.jpg]
[lebronconstruction.com/imageserver/Reusable/tamko2021/heritage-hg-shingle-min.jpg]
[lebronconstruction.com/imageserver/Reusable/tamko2021/heritage-harvest-gold-house-min.jpg]
[lebronconstruction.com/imageserver/Reusable/tamko2021/heritage-ms-shingle-min.jpg]
[lebronconstruction.com/imageserver/Reusable/tamko2021/heritage-mtn-slate-house-min.jpg]
[lebronconstruction.com/imageserver/Reusable/tamko2021/heritage-nt-shingle-min.jpg]
[lebronconstruction.com/imageserver/Reusable/tamko2021/heritage-natural-timber-house-min.jpg]
[lebronconstruction.com/imageserver/Reusable/tamko2021/heritage-pd-shingle-min.jpg]
[lebronconstruction.com/imageserver/Reusable/tamko2021/heritage-painted-desert-house-min.jpg]
[lebronconstruction.com/imageserver/Reusable/tamko2021/heritage-tg-shingle-min.jpg]
[lebronconstruction.com/imageserver/Reusable/tamko2021/heritage-tstorm-house-min.jpg]
[lebronconstruction.com/imageserver/Reusable/tamko2021/heritage-ds-shingle-min.jpg]
[lebronconstruction.com/imageserver/Reusable/tamko2021/heritage-desert-sand-house-min.jpg]
[lebronconstruction.com/imageserver/Reusable/tamko2021/heritage-oep-shingle-min.jpg]
[lebronconstruction.com/imageserver/Reusable/tamko2021/heritage-rb-shingle-min.jpg]
[lebronconstruction.com/imageserver/Reusable/tamko2021/heritage-rustic-black-house-min.jpg]
[lebronconstruction.com/imageserver/Reusable/tamko2021/heritage-rc-shingle-min.jpg]
[lebronconstruction.com/imageserver/Reusable/tamko2021/heritage-rustic-cedar-house-min.jpg]
[lebronconstruction.com/imageserver/Reusable/tamko2021/heritage-re-shingle-min.jpg]
[lebronconstruction.com/imageserver/Reusable/tamko2021/heritage-rustic-evergreen-house-min.jpg]
[lebronconstruction.com/imageserver/Reusable/tamko2021/heritage-rr-shingle-min.jpg]
[lebronconstruction.com/imageserver/Reusable/tamko2021/heritage-rustic-redwood-house-min.jpg]
[lebronconstruction.com/imageserver/Reusable/tamko2021/heritage-rs-shingle-min.jpg]
[lebronconstruction.com/imageserver/Reusable/tamko2021/heritage-rustic-slate-house-min.jpg]
[lebronconstruction.com/imageserver/Reusable/tamko2021/heritage-ww-shingle-min.jpg]
[lebronconstruction.com/imageserver/Reusable/tamko2021/heritage-ww-house-min.jpg]
[lebronconstruction.com/imageserver/Reusable/tamko2021/woodgate-detail.png]
[lebronconstruction.com/tamko-heritage3.html]
[lebronconstruction.com/css/tamko-elite3.css]
[lebronconstruction.com/imageserver/Reusable/tamko2021/elite-tb-house-min.jpg]
[lebronconstruction.com/imageserver/Reusable/tamko2021/elite-logo-color.png]
[lebronconstruction.com/imageserver/Reusable/tamko2021/elite-sq3-min.jpg]
[lebronconstruction.com/imageserver/Reusable/tamko2021/xwarranty.png.pagespeed.ic._8tyUCoKKa.png]
[lebronconstruction.com/imageserver/Reusable/tamko2021/elite-brochure.png]
[lebronconstruction.com/imageserver/Reusable/tamko2021/elite-shadow-grey.jpg]
[lebronconstruction.com/imageserver/Reusable/tamko2021/elite-og-house-min.jpg]
[lebronconstruction.com/imageserver/Reusable/tamko2021/elite-og-shingle-min.jpg]
[lebronconstruction.com/imageserver/Reusable/tamko2021/elite-rb-shingle-min.jpg]
[lebronconstruction.com/imageserver/Reusable/tamko2021/elite-rb-house-min.jpg]
[lebronconstruction.com/imageserver/Reusable/tamko2021/elite-rc-shingle-min.jpg]
[lebronconstruction.com/imageserver/Reusable/tamko2021/elite-rc-house-min.jpg]
[lebronconstruction.com/imageserver/Reusable/tamko2021/elite-rh-shingle-min.jpg]
[lebronconstruction.com/imageserver/Reusable/tamko2021/elite-rh-house-min.jpg]
[lebronconstruction.com/imageserver/Reusable/tamko2021/elite-ww-shingle-min.jpg]
[lebronconstruction.com/imageserver/Reusable/tamko2021/elite-ww-house-min.jpg]
[lebronconstruction.com/imageserver/Reusable/tamko2021/elite-detail.png]
[lebronconstruction.com/tamko-elite3.html]
[lebronconstruction.com/css/tamko-woodgate3.css]
[lebronconstruction.com/imageserver/Reusable/tamko2021/stormFighter-rb-house-min.jpg]
[lebronconstruction.com/imageserver/Reusable/tamko2021/xwoodgate-logo.png.pagespeed.ic.NNsVaMtK0s.png]
[lebronconstruction.com/imageserver/Reusable/tamko2021/xwoodgate-sq1-min.jpeg.pagespeed.ic.fyTAm_hVZ_.jpg]
[lebronconstruction.com/imageserver/Reusable/tamko2021/woodgate-brochure-min.png]
[lebronconstruction.com/imageserver/Reusable/tamko2021/woodgate-aw-shingle-min.jpg]
[lebronconstruction.com/imageserver/Reusable/tamko2021/woodgate-antique-house-min.jpg]
[lebronconstruction.com/imageserver/Reusable/tamko2021/woodgate-bs-shingle-min.jpg]
[lebronconstruction.com/imageserver/Reusable/tamko2021/woodgate-black-house-min.jpg]
[lebronconstruction.com/imageserver/Reusable/tamko2021/woodgate-cwb-shingle.jpg]
[lebronconstruction.com/imageserver/Reusable/tamko2021/woodgate-cabin-house-min.jpg]
[lebronconstruction.com/imageserver/Reusable/tamko2021/woodgate-cw-shingle-min.jpg]
[lebronconstruction.com/imageserver/Reusable/tamko2021/woodgate-cedar-house-min.jpg]
[lebronconstruction.com/imageserver/Reusable/tamko2021/woodgate-rr-shingle.jpg]
[lebronconstruction.com/imageserver/Reusable/tamko2021/woodgate-redwood-house.jpg]
[lebronconstruction.com/imageserver/Reusable/tamko2021/woodgate-ww-shingle.jpg]
[lebronconstruction.com/imageserver/Reusable/tamko2021/woodgate-ww-house.jpg]
[lebronconstruction.com/tamko-woodgate3.html]
[lebronconstruction.com/css/tamko-tile3.css]
[lebronconstruction.com/imageserver/Reusable/tamko2021/stonecrest-fg-house-min.jpg]
[lebronconstruction.com/imageserver/Reusable/tamko2021/metalworks-logo.png.pagespeed.ce.2Rm79n2zNt.png]
[lebronconstruction.com/imageserver/Reusable/tamko2021/stonecrest-tile-house2-min.jpg]
[lebronconstruction.com/imageserver/Reusable/tamko2021/metal-warranty.pdf]
[lebronconstruction.com/imageserver/Reusable/tamko2021/metalworks-brochure.png]
[lebronconstruction.com/imageserver/Reusable/tamko2021/stonecrestTile-qg-shingle-min.jpg]
[lebronconstruction.com/imageserver/Reusable/tamko2021/stonecrest-qg-house-min.jpg]
[lebronconstruction.com/imageserver/Reusable/tamko2021/stonecrestTile-ssg-shingle-min.jpg]
[lebronconstruction.com/imageserver/Reusable/tamko2021/stonecrestTile-ssg-house-min.jpg]
[lebronconstruction.com/imageserver/Reusable/tamko2021/stonecrestTile-vb-shingle-min.jpg]
[lebronconstruction.com/imageserver/Reusable/tamko2021/stonecrestTile-vb-house-min.jpg]
[lebronconstruction.com/imageserver/Reusable/tamko2021/energy-star-img-min.png]
[lebronconstruction.com/imageserver/Reusable/tamko2021/energy-star-logo-color.png]
[lebronconstruction.com/tamko-tile3.html]
[lebronconstruction.com/css/tamko-slate3.css]
[lebronconstruction.com/imageserver/Reusable/tamko2021/stonecrest-fg-house-min.jpg.pagespeed.ce.a6Vh-b0wmC.jpg]
[lebronconstruction.com/imageserver/Reusable/tamko2021/stonecrest-slate-house1-min.jpg]
[lebronconstruction.com/imageserver/Reusable/tamko2021/xmetalworks-brochure.png.pagespeed.ic.T1CtlOS-eJ.png]
[lebronconstruction.com/imageserver/Reusable/tamko2021/stonecrest-ccb-shingle-min.jpg]
[lebronconstruction.com/imageserver/Reusable/tamko2021/stonecrest-ccb-house-min.jpg]
[lebronconstruction.com/imageserver/Reusable/tamko2021/stonecrest-fg-shingle-min.jpg]
[lebronconstruction.com/imageserver/Reusable/tamko2021/stonecrest-qg-shingle-min.jpg]
[lebronconstruction.com/imageserver/Reusable/tamko2021/stonecrest-qg-house-min.jpg.pagespeed.ce.KAZFOg8YBf.jpg]
[lebronconstruction.com/imageserver/Reusable/tamko2021/stonecrest-rrb-shingle-min.jpg]
[lebronconstruction.com/imageserver/Reusable/tamko2021/stonecrest-rrb-house-min.jpg]
[lebronconstruction.com/imageserver/Reusable/tamko2021/stonecrest-sr-shingle-min.jpg]
[lebronconstruction.com/imageserver/Reusable/tamko2021/stonecrest-sr-house-min.jpg]
[lebronconstruction.com/imageserver/Reusable/tamko2021/stonecrest-ssg-shingle-min.jpg]
[lebronconstruction.com/imageserver/Reusable/tamko2021/stonecrest-ssg-house-min.jpg]
[lebronconstruction.com/imageserver/Reusable/tamko2021/stonecrest-tb-shingle-min.jpg]
[lebronconstruction.com/imageserver/Reusable/tamko2021/stonecrest-tb-house-min.jpg]
[lebronconstruction.com/imageserver/Reusable/tamko2021/stonecrest-vb-shingle-min.jpg]
[lebronconstruction.com/imageserver/Reusable/tamko2021/stonecrest-vb-house-min.jpg]
[lebronconstruction.com/imageserver/Reusable/tamko2021/xenergy-star-img-min.png.pagespeed.ic.V7dxNWIaK9.jpg]
[lebronconstruction.com/imageserver/Reusable/tamko2021/xenergy-star-logo-color.png.pagespeed.ic.YZ0NYJc3wk.png]
[lebronconstruction.com/tamko-slate3.html]
[lebronconstruction.com/css/tamko-astonwood3.css]
[lebronconstruction.com/imageserver/Reusable/tamko2021/astonwood-ccb-house-min.jpg]
[lebronconstruction.com/imageserver/Reusable/tamko2021/astonwood-house1.jpg]
[lebronconstruction.com/imageserver/Reusable/tamko2021/astonwood-ccb-shingle-min.jpg]
[lebronconstruction.com/imageserver/Reusable/tamko2021/astonwood-fg-shingle-min.jpg]
[lebronconstruction.com/imageserver/Reusable/tamko2021/astonwood-fg-house-min.jpg]
[lebronconstruction.com/imageserver/Reusable/tamko2021/astonwood-qg-shingle-min.jpg]
[lebronconstruction.com/imageserver/Reusable/tamko2021/astonwood-qg-house-min.jpg]
[lebronconstruction.com/imageserver/Reusable/tamko2021/astonwood-rrb-shingle-min.jpg]
[lebronconstruction.com/imageserver/Reusable/tamko2021/astonwood-rrb-house-min.jpg]
[lebronconstruction.com/imageserver/Reusable/tamko2021/astonwood-sr-shingle-min.jpg]
[lebronconstruction.com/imageserver/Reusable/tamko2021/astonwood-sr-house-min.jpg]
[lebronconstruction.com/imageserver/Reusable/tamko2021/astonwood-ssg-shingle-min.jpg]
[lebronconstruction.com/imageserver/Reusable/tamko2021/astonwood-ssg-house-min.jpg]
[lebronconstruction.com/imageserver/Reusable/tamko2021/astonwood-tb-shingle-min.jpg]
[lebronconstruction.com/imageserver/Reusable/tamko2021/astonwood-tb-house-min.jpg]
[lebronconstruction.com/imageserver/Reusable/tamko2021/astonwood-vb-shingle-min.jpg]
[lebronconstruction.com/imageserver/Reusable/tamko2021/astonwood-vb-house-min.jpg]
[lebronconstruction.com/tamko-astonwood3.html]
[lebronconstruction.com/css/GAF_Commercial_Roofing.css]
[lebronconstruction.com/css/Metal-Roofing.css]
[lebronconstruction.com/css/WRNTY5.css]
[lebronconstruction.com/imageserver/UserMedia/ywpgallery/Owens/Warranties/Duration.jpg]
[lebronconstruction.com/Duration-1.html]
[lebronconstruction.com/imageserver/UserMedia/ywpgallery/Owens/Warranties/Oakridge.jpg]
[lebronconstruction.com/Oakridge-1.html]
[lebronconstruction.com/imageserver/UserMedia/ywpgallery/Owens/Warranties/TruDefinition.jpg]
[lebronconstruction.com/TruDefinition-1.html]
[lebronconstruction.com/imageserver/UserMedia/ywpgallery/Owens/Warranties/Bershire.jpg]
[lebronconstruction.com/Bershire-1.html]
[lebronconstruction.com/imageserver/UserMedia/ywpgallery/Owens/Warranties/Supreme.jpg]
[lebronconstruction.com/Supreme-1.html]
[p.typekit.net/pf344.css]
[lebronconstruction.com/imageserver/Reusable/tamko2021/heritage-shingle-LrgBrown-min.jpg]
[lebronconstruction.com/imageserver/Reusable/tamko2021/titan-shingle-bg.jpg]
[lebronconstruction.com/imageserver/Reusable/tamko2021/StormFighter-IR---Fractal-Background.jpg]
[lebronconstruction.com/css/tamko-heritage3.css]
[lebronconstruction.com/imageserver/Reusable/tamko2021/elite-shingle-LrgBlack-min.jpg]
[lebronconstruction.com/css/tamko-elite3.css]
[lebronconstruction.com/imageserver/Reusable/tamko2021/woodgate-shingle-LrgBrown-min.jpg]
[lebronconstruction.com/css/tamko-woodgate3.css]
[lebronconstruction.com/css/tamko-tile3.css]
[lebronconstruction.com/imageserver/Reusable/tamko2021/stonecrest-slate-shingle-LrgGreen-min.jpg]
[lebronconstruction.com/css/tamko-slate3.css]
[lebronconstruction.com/imageserver/Reusable/tamko2021/astonwood-shingle-lrgRed-min.jpg]
[lebronconstruction.com/css/tamko-astonwood3.css]
